// Jest Snapshot v1, https://goo.gl/fbAQLP

exports[`App should match the correct snapshot 1`] = `
<div>
  <Connect(Header) />
  <Switch>
    <Route
      component={[Function]}
      exact={true}
      path="/"
    />
    <Route
      path="/project/:id"
      render={[Function]}
    />
    <Route
      path="/palette/:id"
      render={[Function]}
    />
    <Route
      component={[Function]}
    />
  </Switch>
</div>
`;
