// Jest Snapshot v1, https://goo.gl/fbAQLP

exports[`Header should match the correct snapshot 1`] = `
<div
  className="header-div"
>
  <NavLink
    activeClassName="active"
    aria-current="page"
    id="title"
    to="/"
  >
    Palette Picker
  </NavLink>
  <label
    className="search-bar"
  >
    Search Projects:
    <input
      onChange={[Function]}
      placeholder="Type project/palette name"
      value=""
    />
  </label>
</div>
`;
